// Jest Snapshot v1, https://goo.gl/fbAQLP

exports[`BannerCarousel Skip buttons render correctly 1`] = `
<View
  accessibilityRole="button"
  accessibilityState={
    Object {
      "disabled": true,
    }
  }
  accessible={true}
  focusable={false}
  hitSlop={
    Object {
      "bottom": 6,
      "left": 6,
      "right": 6,
      "top": 6,
    }
  }
  onClick={[Function]}
  onResponderGrant={[Function]}
  onResponderMove={[Function]}
  onResponderRelease={[Function]}
  onResponderTerminate={[Function]}
  onResponderTerminationRequest={[Function]}
  onStartShouldSetResponder={[Function]}
  style={
    Array [
      Object {
        "overflow": "hidden",
      },
      Array [
        Object {
          "alignItems": "center",
          "justifyContent": "center",
          "margin": 6,
          "overflow": "hidden",
        },
        Object {
          "borderRadius": 22.5,
          "height": 45,
          "width": 45,
        },
        undefined,
        Object {
          "opacity": 0.8,
        },
      ],
    ]
  }
>
  <View>
    <Text />
  </View>
</View>
`;
